// Jest Snapshot v1, https://goo.gl/fbAQLP

exports[`EditTodo should render correctly 1`] = `
ShallowWrapper {
  Symbol(enzyme.__root__): [Circular],
  Symbol(enzyme.__unrendered__): <EditTodo
    editText=""
    handleUpdateTodo={[MockFunction]}
  />,
  Symbol(enzyme.__renderer__): Object {
    "batchedUpdates": [Function],
    "getNode": [Function],
    "render": [Function],
    "simulateError": [Function],
    "simulateEvent": [Function],
    "unmount": [Function],
  },
  Symbol(enzyme.__node__): Object {
    "instance": null,
    "key": undefined,
    "nodeType": "host",
    "props": Object {
      "children": Array [
        <input
          onChange={[Function]}
          style={
            Object {
              "flex": 1,
            }
          }
          type="text"
          value=""
        />,
        <button
          onClick={[Function]}
          style={
            Object {
              "background": "steelblue",
              "border": "1px solid steelblue",
              "cursor": "pointer",
              "padding": "10px",
            }
          }
        >
          Update
        </button>,
      ],
      "style": Object {
        "display": "flex",
        "width": "500px",
      },
    },
    "ref": null,
    "rendered": Array [
      Object {
        "instance": null,
        "key": undefined,
        "nodeType": "host",
        "props": Object {
          "onChange": [Function],
          "style": Object {
            "flex": 1,
          },
          "type": "text",
          "value": "",
        },
        "ref": null,
        "rendered": null,
        "type": "input",
      },
      Object {
        "instance": null,
        "key": undefined,
        "nodeType": "host",
        "props": Object {
          "children": "Update",
          "onClick": [Function],
          "style": Object {
            "background": "steelblue",
            "border": "1px solid steelblue",
            "cursor": "pointer",
            "padding": "10px",
          },
        },
        "ref": null,
        "rendered": "Update",
        "type": "button",
      },
    ],
    "type": "div",
  },
  Symbol(enzyme.__nodes__): Array [
    Object {
      "instance": null,
      "key": undefined,
      "nodeType": "host",
      "props": Object {
        "children": Array [
          <input
            onChange={[Function]}
            style={
              Object {
                "flex": 1,
              }
            }
            type="text"
            value=""
          />,
          <button
            onClick={[Function]}
            style={
              Object {
                "background": "steelblue",
                "border": "1px solid steelblue",
                "cursor": "pointer",
                "padding": "10px",
              }
            }
          >
            Update
          </button>,
        ],
        "style": Object {
          "display": "flex",
          "width": "500px",
        },
      },
      "ref": null,
      "rendered": Array [
        Object {
          "instance": null,
          "key": undefined,
          "nodeType": "host",
          "props": Object {
            "onChange": [Function],
            "style": Object {
              "flex": 1,
            },
            "type": "text",
            "value": "",
          },
          "ref": null,
          "rendered": null,
          "type": "input",
        },
        Object {
          "instance": null,
          "key": undefined,
          "nodeType": "host",
          "props": Object {
            "children": "Update",
            "onClick": [Function],
            "style": Object {
              "background": "steelblue",
              "border": "1px solid steelblue",
              "cursor": "pointer",
              "padding": "10px",
            },
          },
          "ref": null,
          "rendered": "Update",
          "type": "button",
        },
      ],
      "type": "div",
    },
  ],
  Symbol(enzyme.__options__): Object {
    "adapter": ReactSixteenAdapter {
      "options": Object {
        "enableComponentDidUpdateOnSetState": true,
        "lifecycles": Object {
          "componentDidUpdate": Object {
            "onSetState": true,
          },
          "getDerivedStateFromProps": true,
          "getSnapshotBeforeUpdate": true,
          "setState": Object {
            "skipsComponentDidUpdateOnNullish": true,
          },
        },
      },
    },
  },
}
`;
